// Vitest Snapshot v1, https://vitest.dev/guide/snapshot.html

exports[`api snapshots > handles a chain of statuses 1`] = `
[
  {
    "message": "a twoot
 => https://bsky.app/profile/user/post/status_1
====
a reply
 => https://bsky.app/profile/user/post/status_1]
====
a third one
 => https://bsky.app/profile/user/post/status_1]]
====
one with a buffer
 => https://bsky.app/profile/user/post/status_1]]]_withMedia[m0]
====
one with a path
 => https://bsky.app/profile/user/post/status_1]]]_withMedia[m0]]_withMedia[m1]",
    "statuses": [
      {
        "rawResult": {
          "cid": "status_1",
          "uri": "https://bsky.social/status/status_1",
        },
        "status": "a twoot",
        "uri": "https://bsky.app/profile/user/post/status_1",
      },
      {
        "rawResult": {
          "cid": "status_2_inReplyTo[https://bsky.social/status/status_1]",
          "uri": "https://bsky.social/status/status_2_inReplyTo[https://bsky.social/status/status_1]",
        },
        "status": "a reply",
        "uri": "https://bsky.app/profile/user/post/status_1]",
      },
      {
        "rawResult": {
          "cid": "status_3_inReplyTo[https://bsky.social/status/status_2_inReplyTo[https://bsky.social/status/status_1]]",
          "uri": "https://bsky.social/status/status_3_inReplyTo[https://bsky.social/status/status_2_inReplyTo[https://bsky.social/status/status_1]]",
        },
        "status": "a third one",
        "uri": "https://bsky.app/profile/user/post/status_1]]",
      },
      {
        "rawResult": {
          "cid": "status_4_inReplyTo[https://bsky.social/status/status_3_inReplyTo[https://bsky.social/status/status_2_inReplyTo[https://bsky.social/status/status_1]]]_withMedia[m0]",
          "uri": "https://bsky.social/status/status_4_inReplyTo[https://bsky.social/status/status_3_inReplyTo[https://bsky.social/status/status_2_inReplyTo[https://bsky.social/status/status_1]]]_withMedia[m0]",
        },
        "status": "one with a buffer",
        "uri": "https://bsky.app/profile/user/post/status_1]]]_withMedia[m0]",
      },
      {
        "rawResult": {
          "cid": "status_5_inReplyTo[https://bsky.social/status/status_4_inReplyTo[https://bsky.social/status/status_3_inReplyTo[https://bsky.social/status/status_2_inReplyTo[https://bsky.social/status/status_1]]]_withMedia[m0]]_withMedia[m1]",
          "uri": "https://bsky.social/status/status_5_inReplyTo[https://bsky.social/status/status_4_inReplyTo[https://bsky.social/status/status_3_inReplyTo[https://bsky.social/status/status_2_inReplyTo[https://bsky.social/status/status_1]]]_withMedia[m0]]_withMedia[m1]",
        },
        "status": "one with a path",
        "uri": "https://bsky.app/profile/user/post/status_1]]]_withMedia[m0]]_withMedia[m1]",
      },
    ],
    "type": "bsky-chain",
  },
  {
    "message": "a twoot
<time> => https://whatever.com/status_1
====
a reply
<time> => https://whatever.com/status_2_inReplyTo[status_1]
====
a third one
<time> => https://whatever.com/status_3_inReplyTo[status_2_inReplyTo[status_1]]
====
one with a buffer
<time> => https://whatever.com/status_4_inReplyTo[status_3_inReplyTo[status_2_inReplyTo[status_1]]]_withMedia[m0]
====
one with a path
<time> => https://whatever.com/status_5_inReplyTo[status_4_inReplyTo[status_3_inReplyTo[status_2_inReplyTo[status_1]]]_withMedia[m0]]_withMedia[m1]",
    "statuses": [
      {
        "content": "a twoot",
        "createdAt": "<time>",
        "id": "status_1",
        "uri": "https://whatever.com/status_1",
        "visibility": "public",
      },
      {
        "content": "a reply",
        "createdAt": "<time>",
        "id": "status_2_inReplyTo[status_1]",
        "uri": "https://whatever.com/status_2_inReplyTo[status_1]",
        "visibility": "public",
      },
      {
        "content": "a third one",
        "createdAt": "<time>",
        "id": "status_3_inReplyTo[status_2_inReplyTo[status_1]]",
        "uri": "https://whatever.com/status_3_inReplyTo[status_2_inReplyTo[status_1]]",
        "visibility": "public",
      },
      {
        "content": "one with a buffer",
        "createdAt": "<time>",
        "id": "status_4_inReplyTo[status_3_inReplyTo[status_2_inReplyTo[status_1]]]_withMedia[m0]",
        "uri": "https://whatever.com/status_4_inReplyTo[status_3_inReplyTo[status_2_inReplyTo[status_1]]]_withMedia[m0]",
        "visibility": "public",
      },
      {
        "content": "one with a path",
        "createdAt": "<time>",
        "id": "status_5_inReplyTo[status_4_inReplyTo[status_3_inReplyTo[status_2_inReplyTo[status_1]]]_withMedia[m0]]_withMedia[m1]",
        "uri": "https://whatever.com/status_5_inReplyTo[status_4_inReplyTo[status_3_inReplyTo[status_2_inReplyTo[status_1]]]_withMedia[m0]]_withMedia[m1]",
        "visibility": "public",
      },
    ],
    "type": "mastodon-chain",
  },
]
`;

exports[`api snapshots > handles a simple status 1`] = `
[
  {
    "message": "hello world
<time> => https://whatever.com/status_0",
    "status": {
      "content": "hello world",
      "createdAt": "<time>",
      "id": "status_0",
      "uri": "https://whatever.com/status_0",
      "visibility": "public",
    },
    "type": "mastodon",
  },
  {
    "message": "hello world
 => https://bsky.app/profile/user/post/status_0",
    "status": {
      "rawResult": {
        "cid": "status_0",
        "uri": "https://bsky.social/status/status_0",
      },
      "status": "hello world",
      "uri": "https://bsky.app/profile/user/post/status_0",
    },
    "type": "bsky",
  },
]
`;
